// Jest Snapshot v1, https://goo.gl/fbAQLP

exports[`<Wrapper /> should render 1`] = `
.c0 {
  width: 92%;
  display: -webkit-box;
  display: -webkit-flex;
  display: -ms-flexbox;
  display: flex;
  -webkit-box-pack: center;
  -webkit-justify-content: center;
  -ms-flex-pack: center;
  justify-content: center;
  -webkit-flex-direction: column;
  -ms-flex-direction: column;
  flex-direction: column;
  position: relative;
  left: 50%;
  -webkit-transform: translate(-50%,0);
  -ms-transform: translate(-50%,0);
  transform: translate(-50%,0);
}

@media (min-width:768px) {
  .c0 {
    width: 85%;
    margin-top: 5.6rem;
  }
}

@media (min-width:1336px) {
  .c0 {
    width: 60%;
    margin-top: 5.6rem;
  }
}

<div>
  <div
    class="c0"
  >
    <p>
      oiu
    </p>
  </div>
</div>
`;
