// Jest Snapshot v1, https://goo.gl/fbAQLP

exports[`<InputDim /> should render and match snapshot 1`] = `
.c3 {
  display: -webkit-box;
  display: -webkit-flex;
  display: -ms-flexbox;
  display: flex;
  -webkit-flex-direction: row;
  -ms-flex-direction: row;
  flex-direction: row;
  -webkit-box-pack: justify;
  -webkit-justify-content: space-between;
  -ms-flex-pack: justify;
  justify-content: space-between;
  width: 100%;
  margin-bottom: 2.4rem;
  position: relative;
}

.c3 span {
  font-size: 1.8rem;
  text-align: center;
}

.c3 .unit {
  color: gray;
  position: absolute;
  left: 97.5%;
  text-align: right;
}

.c3 input {
  border: none;
  border-bottom: 1px solid black;
  width: 17%;
  font-size: 1.8rem;
  text-align: right;
  margin-right: 10px;
}

.c3 input::-webkit-outer-spin-button,
.c3 input::-webkit-inner-spin-button {
  -webkit-appearance: none;
  margin: 0;
}

.c3 input[type='number'] {
  -moz-appearance: textfield;
}

.c3.even input {
  width: 55%;
}

.c0 {
  padding: 0 3.2rem 0 2.4rem;
  margin: 0.8rem 0 2.4rem;
  width: 100%;
  display: -webkit-box;
  display: -webkit-flex;
  display: -ms-flexbox;
  display: flex;
  -webkit-flex-direction: column;
  -ms-flex-direction: column;
  flex-direction: column;
  -webkit-box-pack: space-evenly;
  -webkit-justify-content: space-evenly;
  -ms-flex-pack: space-evenly;
  justify-content: space-evenly;
  -webkit-align-items: center;
  -webkit-box-align: center;
  -ms-flex-align: center;
  align-items: center;
}

.c1 {
  width: 100%;
}

.c1 .c2 {
  width: 100%;
}

.c1 .c2 .unit {
  left: 98%;
  top: 10px;
  width: auto;
}

.c1 .c2 span {
  width: 60%;
}

.c1 .c2 input {
  width: 23%;
  height: 23px;
  margin-top: 10px;
}

.c4 {
  display: -webkit-box;
  display: -webkit-flex;
  display: -ms-flexbox;
  display: flex;
  -webkit-flex-direction: row;
  -ms-flex-direction: row;
  flex-direction: row;
  width: 100%;
}

.c4 .control-group {
  display: -webkit-box;
  display: -webkit-flex;
  display: -ms-flexbox;
  display: flex;
  -webkit-flex-direction: row;
  -ms-flex-direction: row;
  flex-direction: row;
  -webkit-box-pack: space-around;
  -webkit-justify-content: space-around;
  -ms-flex-pack: space-around;
  justify-content: space-around;
  width: 100%;
}

.c4 .control {
  display: -webkit-box;
  display: -webkit-flex;
  display: -ms-flexbox;
  display: flex;
  -webkit-box-pack: end;
  -webkit-justify-content: end;
  -ms-flex-pack: end;
  justify-content: end;
  position: relative;
  padding-left: 20px;
  margin-bottom: 5px;
  padding-top: 3px;
  cursor: pointer;
  font-size: 1.6rem;
}

.c4 .control input {
  position: absolute;
  z-index: -1;
  opacity: 0;
}

.c4 .control_indicator {
  position: absolute;
  top: 8px;
  left: 0px;
  height: 10px;
  width: 10px;
  background: #e6e6e7;
  border: 0px solid #000000;
}

.c4 .control:hover input ~ .control_indicator,
.c4 .control input:focus ~ .control_indicator {
  background: #cccccc;
}

.c4 .control input:checked ~ .control_indicator {
  background: #0a1128;
}

.c4 .control:hover input:not([disabled]):checked ~ .control_indicator,
.c4 .control input:checked:focus ~ .control_indicator {
  background: #0a1128;
}

.c4 .control input:disabled ~ .control_indicator {
  background: #e6e6e6;
  opacity: 0.6;
  pointer-events: none;
}

.c4 .control_indicator:after {
  box-sizing: unset;
  content: '';
  position: absolute;
  display: none;
}

.c4 .control input:checked ~ .control_indicator:after {
  display: block;
}

.c4 .control-radio .control_indicator {
  border-radius: 50%;
}

.c4 .control-radio .control_indicator:after {
  left: 7px;
  top: 7px;
  height: 0px;
  width: 0px;
  border-radius: 50%;
  background: #0a1128;
  -webkit-transition: background 250ms;
  transition: background 250ms;
}

.c4 .control-radio input:disabled ~ .control_indicator:after {
  background: #7b7b7b;
}

.c4 span {
  display: none;
}

@media (min-width:768px) {
  .c3 {
    padding-right: 18px;
    width: 33%;
  }
}

@media (min-width:768px) {
  .c3 .unit {
    left: 90%;
  }
}

@media (min-width:768px) {
  .c3 input {
    width: 6.4rem;
  }
}

@media (min-width:768px) {
  .c3 input::-webkit-outer-spin-button,
  .c3 input::-webkit-inner-spin-button {
    margin-right: 5px;
  }
}

@media (min-width:768px) {
  .c1 {
    display: -webkit-box;
    display: -webkit-flex;
    display: -ms-flexbox;
    display: flex;
    -webkit-flex-direction: row;
    -ms-flex-direction: row;
    flex-direction: row;
    -webkit-box-pack: justify;
    -webkit-justify-content: space-between;
    -ms-flex-pack: justify;
    justify-content: space-between;
    width: 100%;
  }

  .c1 .c2 {
    width: 50%;
  }

  .c1 .c2 .unit {
    left: 94%;
    top: 0px;
    width: auto;
  }

  .c1 .c2 span {
    width: 70%;
    font-size: 2rem;
  }

  .c1 .c2 input {
    width: 23%;
    height: 23px;
    margin-top: 0px;
  }
}

@media (min-width:768px) {
  .c4 {
    -webkit-box-pack: space-evenly;
    -webkit-justify-content: space-evenly;
    -ms-flex-pack: space-evenly;
    justify-content: space-evenly;
    width: 80%;
    margin-bottom: 1.6rem;
  }

  .c4 span {
    display: inline;
    font-size: 2rem;
  }

  .c4 .control-group {
    width: 60%;
  }

  .c4 .control {
    font-size: 1.8rem;
  }
}

<div>
  <div
    class="c0"
  >
    <div
      class="c1"
    >
      <label
        class="c2 c3"
      >
        <span>
          Diâmetro / Lado da Estaca
        </span>
        <input
          name="price"
          pattern="[0-9]+([.][0-9]+)?"
          placeholder="0.00"
          step="0.01"
          title="This should be a number with up to 2 decimal places"
          type="number"
          value=""
        />
        <span
          class="unit"
        >
          m
        </span>
      </label>
      <label
        class="c2 c3"
      >
        <span>
          Profundidade do Fuste
        </span>
        <input
          name="price"
          pattern="[0-9]+([.][0-9]+)?"
          placeholder="0.00"
          step="0.01"
          title="This should be a number with up to 2 decimal places"
          type="number"
          value=""
        />
        <span
          class="unit"
        >
          m
        </span>
      </label>
    </div>
    <div
      class="c4"
    >
      <span>
        Formato da Estaca:
      </span>
      <div
        class="control-group"
      >
        <label
          class="control control-radio"
        >
          Circunferência
          <input
            checked=""
            name="shape"
            type="radio"
            value="circ"
          />
          <div
            class="control_indicator"
          />
        </label>
        <label
          class="control control-radio"
        >
          Quadrado
          <input
            name="shape"
            type="radio"
            value="quad"
          />
          <div
            class="control_indicator"
          />
        </label>
      </div>
    </div>
  </div>
</div>
`;
