// Jest Snapshot v1, https://goo.gl/fbAQLP

exports[`<InputSoil /> should render and match snapshot 1`] = `
.c0 {
  padding-bottom: 3.2rem;
  width: 80%;
  -webkit-flex-direction: column;
  -ms-flex-direction: column;
  flex-direction: column;
  -webkit-box-pack: center;
  -webkit-justify-content: center;
  -ms-flex-pack: center;
  justify-content: center;
}

.c1 {
  margin: 2.4rem 0;
}

.c1 .control {
  display: -webkit-box;
  display: -webkit-flex;
  display: -ms-flexbox;
  display: flex;
  -webkit-box-pack: end;
  -webkit-justify-content: end;
  -ms-flex-pack: end;
  justify-content: end;
  position: relative;
  padding-left: 20px;
  margin-bottom: 5px;
  padding-top: 3px;
  cursor: pointer;
  font-size: 1.6rem;
}

.c1 .control input {
  position: absolute;
  z-index: -1;
  opacity: 0;
}

.c1 .control_indicator {
  position: absolute;
  top: 8px;
  left: 0px;
  height: 10px;
  width: 10px;
  background: #e6e6e7;
  border: 0px solid #000000;
}

.c1 .control:hover input ~ .control_indicator,
.c1 .control input:focus ~ .control_indicator {
  background: #cccccc;
}

.c1 .control input:checked ~ .control_indicator {
  background: #0a1128;
}

.c1 .control:hover input:not([disabled]):checked ~ .control_indicator,
.c1 .control input:checked:focus ~ .control_indicator {
  background: #0a1128;
}

.c1 .control input:disabled ~ .control_indicator {
  background: #e6e6e6;
  opacity: 0.6;
  pointer-events: none;
}

.c1 .control_indicator:after {
  box-sizing: unset;
  content: '';
  position: absolute;
  display: none;
}

.c1 .control input:checked ~ .control_indicator:after {
  display: block;
}

.c1 .control-radio .control_indicator {
  border-radius: 50%;
}

.c1 .control-radio .control_indicator:after {
  left: 7px;
  top: 7px;
  height: 0px;
  width: 0px;
  border-radius: 50%;
  background: #0a1128;
  -webkit-transition: background 250ms;
  transition: background 250ms;
}

.c1 .control-radio input:disabled ~ .control_indicator:after {
  background: #7b7b7b;
}

@media (min-width:768px) {
  .c1 .control-group {
    display: -webkit-box;
    display: -webkit-flex;
    display: -ms-flexbox;
    display: flex;
    -webkit-flex-direction: row;
    -ms-flex-direction: row;
    flex-direction: row;
    -webkit-box-pack: justify;
    -webkit-justify-content: space-between;
    -ms-flex-pack: justify;
    justify-content: space-between;
  }

  .c1 .flex {
    display: -webkit-box;
    display: -webkit-flex;
    display: -ms-flexbox;
    display: flex;
    -webkit-flex-direction: column;
    -ms-flex-direction: column;
    flex-direction: column;
    -webkit-box-pack: space-around;
    -webkit-justify-content: space-around;
    -ms-flex-pack: space-around;
    justify-content: space-around;
  }

  .c1 .control {
    -webkit-box-pack: left;
    -webkit-justify-content: left;
    -ms-flex-pack: left;
    justify-content: left;
    margin: 0.8rem 0;
  }
}

<div>
  <div
    class="c0"
  >
    <div
      class="c1"
    >
      <div
        class="control-group"
      >
        <div
          class="flex"
        >
          <label
            class="control control-radio"
          >
            Escavada em geral
            <input
              checked=""
              name="stake"
              type="radio"
            />
            <div
              class="control_indicator"
            />
          </label>
          <label
            class="control control-radio"
          >
            Escavada bentonita
            <input
              name="stake"
              type="radio"
            />
            <div
              class="control_indicator"
            />
          </label>
        </div>
        <div
          class="flex"
        >
          <label
            class="control control-radio"
          >
            Hélice contínua
            <input
              name="stake"
              type="radio"
            />
            <div
              class="control_indicator"
            />
          </label>
          <label
            class="control control-radio"
          >
            Raiz
            <input
              name="stake"
              type="radio"
            />
            <div
              class="control_indicator"
            />
          </label>
        </div>
        <div
          class="flex"
        >
          <label
            class="control control-radio"
          >
            Injetada sob altas pressões
            <input
              name="stake"
              type="radio"
            />
            <div
              class="control_indicator"
            />
          </label>
          <label
            class="control control-radio"
          >
            Franki
            <input
              name="stake"
              type="radio"
            />
            <div
              class="control_indicator"
            />
          </label>
        </div>
        <div
          class="flex"
        >
          <label
            class="control control-radio"
          >
            Metálica
            <input
              name="stake"
              type="radio"
            />
            <div
              class="control_indicator"
            />
          </label>
          <label
            class="control control-radio"
          >
            Pré-moldada
            <input
              name="stake"
              type="radio"
            />
            <div
              class="control_indicator"
            />
          </label>
        </div>
      </div>
    </div>
  </div>
</div>
`;
